// Jest Snapshot v1, https://goo.gl/fbAQLP

exports[`Hamburger Tests renders the ui as expected 1`] = `
<BrowserRouter>
  <Router
    history={
      Object {
        "action": "POP",
        "block": [Function],
        "createHref": [Function],
        "go": [Function],
        "goBack": [Function],
        "goForward": [Function],
        "length": 1,
        "listen": [Function],
        "location": Object {
          "hash": "",
          "pathname": "/",
          "search": "",
          "state": undefined,
        },
        "push": [Function],
        "replace": [Function],
      }
    }
  >
    <Hamburger
      toggleMenu={[MockFunction]}
    >
      <button
        className="hamburgerButton"
        onClick={[Function]}
        type="button"
      >
        <div
          className="mainLine "
        />
      </button>
    </Hamburger>
  </Router>
</BrowserRouter>
`;
